=========================================================================
CreateReferenceRelationsTest
=========================================================================
-- INPUT -----------------------------------------------------------------------
-- IrP4Info's references --
table: "two_match_fields_table"
match_field: "id_1"
table: "two_match_fields_table"
match_field: "id_2"
table: "one_match_field_table"
match_field: "id"
table: "referring_by_match_field_table"
match_field: "referring_id_1"

-- OUTPUT ----------------------------------------------------------------------
-- ReferenceRelations --
ReferenceRelationKey{referred_table_name: one_match_field_table}, ReferenceRelation{match_field_names: [id]}
ReferenceRelationKey{referred_table_name: referring_by_match_field_table}, ReferenceRelation{match_field_names: [referring_id_1]}
ReferenceRelationKey{referred_table_name: two_match_fields_table}, ReferenceRelation{match_field_names: [id_1, id_2]}

=========================================================================
EntriesReferredToByTableEntryTest: Referring to using an entry with 1 match field
=========================================================================
-- INPUT -----------------------------------------------------------------------
-- PD table entry --
referring_by_match_field_table_entry {
  match {
    referring_id_1: "key-a"
  }
  action {
    do_thing_4 {
    }
  }
  priority: 32
}

-- OUTPUT ----------------------------------------------------------------------
-- ReferredTableEntries --
ReferredTableEntry{table_name: two_match_fields_table, match_fields and values: [ReferredField{match_field_name: id_1,field_value: key-a}]}

=========================================================================
EntriesReferredToByTableEntryTest: Referring to an entry using with 2 match fields
=========================================================================
-- INPUT -----------------------------------------------------------------------
-- PD table entry --
referring_by_match_field_table_entry {
  match {
    referring_id_1: "key-x"
    referring_id_2 {
      value: "0x223"
    }
  }
  action {
    do_thing_4 {
    }
  }
  priority: 32
}

-- OUTPUT ----------------------------------------------------------------------
-- ReferredTableEntries --
ReferredTableEntry{table_name: two_match_fields_table, match_fields and values: [ReferredField{match_field_name: id_1,field_value: key-x}, ReferredField{match_field_name: id_2,field_value: #}]}

=========================================================================
EntriesReferredToByTableEntryTest: Referring to an entry using with 1 action param
=========================================================================
-- INPUT -----------------------------------------------------------------------
-- PD table entry --
referring_by_action_table_entry {
  match {
    val: "0x012"
  }
  action {
    referring_to_one_match_field_action {
      referring_id_1: "key-a"
    }
  }
}

-- OUTPUT ----------------------------------------------------------------------
-- ReferredTableEntries --
ReferredTableEntry{table_name: one_match_field_table, match_fields and values: [ReferredField{match_field_name: id,field_value: key-a}]}
ReferredTableEntry{table_name: two_match_fields_table, match_fields and values: [ReferredField{match_field_name: id_1,field_value: key-a}]}

=========================================================================
EntriesReferredToByTableEntryTest: Referring to an entry using with 2 action params
=========================================================================
-- INPUT -----------------------------------------------------------------------
-- PD table entry --
referring_by_action_table_entry {
  match {
    val: "0x012"
  }
  action {
    referring_to_two_match_fields_action {
      referring_id_1: "key-xy"
      referring_id_2: "0x033"
    }
  }
}

-- OUTPUT ----------------------------------------------------------------------
-- ReferredTableEntries --
ReferredTableEntry{table_name: two_match_fields_table, match_fields and values: [ReferredField{match_field_name: id_1,field_value: key-xy}, ReferredField{match_field_name: id_2,field_value: 3}]}

=========================================================================
EntriesReferredToByTableEntryTest: Entry that doesn't refer to other entry will not generate ReferredTableEntry
=========================================================================
-- INPUT -----------------------------------------------------------------------
-- PD table entry --
two_match_fields_table_entry {
  match {
    id_1: "key-b"
    id_2: "0x024"
  }
  action {
    do_thing_4 {
    }
  }
}

-- OUTPUT ----------------------------------------------------------------------
-- ReferredTableEntries --
<empty>
