headers {
  key: "scalars"
  value {
    name: "scalars_0"
  }
}
headers {
  key: "standard_metadata"
  value {
    name: "standard_metadata"
    id: 1
    fields {
      key: "_padding"
      value {
        name: "_padding"
        bitwidth: 3
      }
    }
    fields {
      key: "checksum_error"
      value {
        name: "checksum_error"
        bitwidth: 1
      }
    }
    fields {
      key: "deq_qdepth"
      value {
        name: "deq_qdepth"
        bitwidth: 19
      }
    }
    fields {
      key: "deq_timedelta"
      value {
        name: "deq_timedelta"
        bitwidth: 32
      }
    }
    fields {
      key: "egress_global_timestamp"
      value {
        name: "egress_global_timestamp"
        bitwidth: 48
      }
    }
    fields {
      key: "egress_port"
      value {
        name: "egress_port"
        bitwidth: 9
      }
    }
    fields {
      key: "egress_rid"
      value {
        name: "egress_rid"
        bitwidth: 16
      }
    }
    fields {
      key: "egress_spec"
      value {
        name: "egress_spec"
        bitwidth: 9
      }
    }
    fields {
      key: "enq_qdepth"
      value {
        name: "enq_qdepth"
        bitwidth: 19
      }
    }
    fields {
      key: "enq_timestamp"
      value {
        name: "enq_timestamp"
        bitwidth: 32
      }
    }
    fields {
      key: "ingress_global_timestamp"
      value {
        name: "ingress_global_timestamp"
        bitwidth: 48
      }
    }
    fields {
      key: "ingress_port"
      value {
        name: "ingress_port"
        bitwidth: 9
      }
    }
    fields {
      key: "instance_type"
      value {
        name: "instance_type"
        bitwidth: 32
      }
    }
    fields {
      key: "mcast_grp"
      value {
        name: "mcast_grp"
        bitwidth: 16
      }
    }
    fields {
      key: "packet_length"
      value {
        name: "packet_length"
        bitwidth: 32
      }
    }
    fields {
      key: "parser_error"
      value {
        name: "parser_error"
        bitwidth: 32
      }
    }
    fields {
      key: "priority"
      value {
        name: "priority"
        bitwidth: 3
      }
    }
    ordered_fields_list: "ingress_port"
    ordered_fields_list: "egress_spec"
    ordered_fields_list: "egress_port"
    ordered_fields_list: "instance_type"
    ordered_fields_list: "packet_length"
    ordered_fields_list: "enq_timestamp"
    ordered_fields_list: "enq_qdepth"
    ordered_fields_list: "deq_timedelta"
    ordered_fields_list: "deq_qdepth"
    ordered_fields_list: "ingress_global_timestamp"
    ordered_fields_list: "egress_global_timestamp"
    ordered_fields_list: "mcast_grp"
    ordered_fields_list: "egress_rid"
    ordered_fields_list: "checksum_error"
    ordered_fields_list: "parser_error"
    ordered_fields_list: "priority"
    ordered_fields_list: "_padding"
  }
}
actions {
  key: "hardcoded55"
  value {
    action_definition {
      preamble {
        name: "hardcoded55"
      }
    }
    action_implementation {
      action_body {
        source_info {
          line: 55
          column: 12
          source_fragment: "standard_metadata.egress_spec = 1"
        }
        assignment {
          left {
            field_value {
              header_name: "standard_metadata"
              field_name: "egress_spec"
            }
          }
          right {
            hexstr_value {
              value: "0x0001"
            }
          }
        }
      }
    }
  }
}
actions {
  key: "hardcoded57"
  value {
    action_definition {
      preamble {
        id: 1
        name: "hardcoded57"
      }
    }
    action_implementation {
      action_body {
        source_info {
          line: 57
          column: 12
          source_fragment: "standard_metadata.egress_spec = 0"
        }
        assignment {
          left {
            field_value {
              header_name: "standard_metadata"
              field_name: "egress_spec"
            }
          }
          right {
            hexstr_value {
              value: "0x0000"
            }
          }
        }
      }
    }
  }
}
tables {
  key: "tbl_hardcoded55"
  value {
    table_definition {
      preamble {
        name: "tbl_hardcoded55"
      }
    }
    table_implementation {
      default_action: "hardcoded55"
      action_to_next_control {
        key: "hardcoded55"
        value: "__END_OF_PIPELINE__"
      }
      optimized_symbolic_execution_info {
        merge_point: "__END_OF_PIPELINE__"
      }
    }
  }
}
tables {
  key: "tbl_hardcoded57"
  value {
    table_definition {
      preamble {
        name: "tbl_hardcoded57"
      }
    }
    table_implementation {
      default_action: "hardcoded57"
      action_to_next_control {
        key: "hardcoded57"
        value: "__END_OF_PIPELINE__"
      }
      optimized_symbolic_execution_info {
        merge_point: "__END_OF_PIPELINE__"
      }
    }
  }
}
conditionals {
  key: "node_2"
  value {
    name: "node_2"
    condition {
      expression_value {
        binary_expression {
          operation: EQUALS
          left {
            field_value {
              header_name: "standard_metadata"
              field_name: "ingress_port"
            }
          }
          right {
            hexstr_value {
              value: "0x0000"
            }
          }
        }
      }
    }
    if_branch: "tbl_hardcoded55"
    else_branch: "tbl_hardcoded57"
    optimized_symbolic_execution_info {
      merge_point: "__END_OF_PIPELINE__"
      continue_to_merge_point: true
    }
  }
}
pipeline {
  key: "egress"
  value {
    name: "egress"
    initial_control: "__END_OF_PIPELINE__"
  }
}
pipeline {
  key: "ingress"
  value {
    name: "ingress"
    initial_control: "node_2"
  }
}
parsers {
  key: "parser"
  value {
    name: "parser"
    initial_state: "start"
    parse_states {
      key: "start"
      value {
        name: "start"
        transitions {
          default_transition {
            next_state: "__END_OF_PARSER__"
          }
        }
        optimized_symbolic_execution_info {
          merge_point: "__END_OF_PARSER__"
          continue_to_merge_point: true
        }
      }
    }
  }
}
errors {
  key: "HeaderTooShort"
  value {
    name: "HeaderTooShort"
    value: 4
  }
}
errors {
  key: "NoError"
  value {
    name: "NoError"
  }
}
errors {
  key: "NoMatch"
  value {
    name: "NoMatch"
    value: 2
  }
}
errors {
  key: "PacketTooShort"
  value {
    name: "PacketTooShort"
    value: 1
  }
}
errors {
  key: "ParserInvalidArgument"
  value {
    name: "ParserInvalidArgument"
    value: 6
  }
}
errors {
  key: "ParserTimeout"
  value {
    name: "ParserTimeout"
    value: 5
  }
}
errors {
  key: "StackOutOfBounds"
  value {
    name: "StackOutOfBounds"
    value: 3
  }
}
deparsers {
  key: "deparser"
  value {
    name: "deparser"
  }
}

