headers {
  key: "ethernet"
  value {
    name: "ethernet_t"
    id: 2
    fields {
      key: "dst_addr"
      value {
        name: "dst_addr"
        bitwidth: 48
      }
    }
    fields {
      key: "ether_type"
      value {
        name: "ether_type"
        bitwidth: 16
      }
    }
    fields {
      key: "src_addr"
      value {
        name: "src_addr"
        bitwidth: 48
      }
    }
  }
}
headers {
  key: "ipv4"
  value {
    name: "ipv4_t"
    id: 3
    fields {
      key: "do_not_fragment"
      value {
        name: "do_not_fragment"
        bitwidth: 1
      }
    }
    fields {
      key: "dscp"
      value {
        name: "dscp"
        bitwidth: 6
      }
    }
    fields {
      key: "dst_addr"
      value {
        name: "dst_addr"
        bitwidth: 32
      }
    }
    fields {
      key: "ecn"
      value {
        name: "ecn"
        bitwidth: 2
      }
    }
    fields {
      key: "frag_offset"
      value {
        name: "frag_offset"
        bitwidth: 13
      }
    }
    fields {
      key: "header_checksum"
      value {
        name: "header_checksum"
        bitwidth: 16
      }
    }
    fields {
      key: "identification"
      value {
        name: "identification"
        bitwidth: 16
      }
    }
    fields {
      key: "ihl"
      value {
        name: "ihl"
        bitwidth: 4
      }
    }
    fields {
      key: "more_fragments"
      value {
        name: "more_fragments"
        bitwidth: 1
      }
    }
    fields {
      key: "protocol"
      value {
        name: "protocol"
        bitwidth: 8
      }
    }
    fields {
      key: "reserved"
      value {
        name: "reserved"
        bitwidth: 1
      }
    }
    fields {
      key: "src_addr"
      value {
        name: "src_addr"
        bitwidth: 32
      }
    }
    fields {
      key: "total_len"
      value {
        name: "total_len"
        bitwidth: 16
      }
    }
    fields {
      key: "ttl"
      value {
        name: "ttl"
        bitwidth: 8
      }
    }
    fields {
      key: "version"
      value {
        name: "version"
        bitwidth: 4
      }
    }
  }
}
headers {
  key: "ipv6"
  value {
    name: "ipv6_t"
    id: 4
    fields {
      key: "dscp"
      value {
        name: "dscp"
        bitwidth: 6
      }
    }
    fields {
      key: "dst_addr"
      value {
        name: "dst_addr"
        bitwidth: 128
      }
    }
    fields {
      key: "ecn"
      value {
        name: "ecn"
        bitwidth: 2
      }
    }
    fields {
      key: "flow_label"
      value {
        name: "flow_label"
        bitwidth: 20
      }
    }
    fields {
      key: "hop_limit"
      value {
        name: "hop_limit"
        bitwidth: 8
      }
    }
    fields {
      key: "next_header"
      value {
        name: "next_header"
        bitwidth: 8
      }
    }
    fields {
      key: "payload_length"
      value {
        name: "payload_length"
        bitwidth: 16
      }
    }
    fields {
      key: "src_addr"
      value {
        name: "src_addr"
        bitwidth: 128
      }
    }
    fields {
      key: "version"
      value {
        name: "version"
        bitwidth: 4
      }
    }
  }
}
headers {
  key: "scalars"
  value {
    name: "scalars_0"
  }
}
headers {
  key: "standard_metadata"
  value {
    name: "standard_metadata"
    id: 1
    fields {
      key: "_padding"
      value {
        name: "_padding"
        bitwidth: 3
      }
    }
    fields {
      key: "checksum_error"
      value {
        name: "checksum_error"
        bitwidth: 1
      }
    }
    fields {
      key: "deq_qdepth"
      value {
        name: "deq_qdepth"
        bitwidth: 19
      }
    }
    fields {
      key: "deq_timedelta"
      value {
        name: "deq_timedelta"
        bitwidth: 32
      }
    }
    fields {
      key: "egress_global_timestamp"
      value {
        name: "egress_global_timestamp"
        bitwidth: 48
      }
    }
    fields {
      key: "egress_port"
      value {
        name: "egress_port"
        bitwidth: 9
      }
    }
    fields {
      key: "egress_rid"
      value {
        name: "egress_rid"
        bitwidth: 16
      }
    }
    fields {
      key: "egress_spec"
      value {
        name: "egress_spec"
        bitwidth: 9
      }
    }
    fields {
      key: "enq_qdepth"
      value {
        name: "enq_qdepth"
        bitwidth: 19
      }
    }
    fields {
      key: "enq_timestamp"
      value {
        name: "enq_timestamp"
        bitwidth: 32
      }
    }
    fields {
      key: "ingress_global_timestamp"
      value {
        name: "ingress_global_timestamp"
        bitwidth: 48
      }
    }
    fields {
      key: "ingress_port"
      value {
        name: "ingress_port"
        bitwidth: 9
      }
    }
    fields {
      key: "instance_type"
      value {
        name: "instance_type"
        bitwidth: 32
      }
    }
    fields {
      key: "mcast_grp"
      value {
        name: "mcast_grp"
        bitwidth: 16
      }
    }
    fields {
      key: "packet_length"
      value {
        name: "packet_length"
        bitwidth: 32
      }
    }
    fields {
      key: "parser_error"
      value {
        name: "parser_error"
        bitwidth: 32
      }
    }
    fields {
      key: "priority"
      value {
        name: "priority"
        bitwidth: 3
      }
    }
  }
}
pipeline {
  key: "egress"
  value {
    name: "egress"
    initial_control: "__END_OF_PIPELINE__"
  }
}
pipeline {
  key: "ingress"
  value {
    name: "ingress"
    initial_control: "__END_OF_PIPELINE__"
  }
}
parsers {
  key: "parser"
  value {
    name: "parser"
    initial_state: "start"
    parse_states {
      key: "parse_ipv4"
      value {
        name: "parse_ipv4"
        parser_ops {
          extract {
            header {
              header_name: "ipv4"
            }
          }
        }
        parser_ops {
          primitive {
            assignment {
              left {
                field_value {
                  header_name: "ipv6"
                  field_name: "$valid$"
                }
              }
              right {
                bool_value {
                }
              }
            }
          }
        }
        transitions {
          default_transition {
            next_state: "__END_OF_PARSER__"
          }
        }
        optimized_symbolic_execution_info {
          merge_point: "__END_OF_PARSER__"
        }
      }
    }
    parse_states {
      key: "parse_ipv6"
      value {
        name: "parse_ipv6"
        parser_ops {
          extract {
            header {
              header_name: "ipv6"
            }
          }
        }
        parser_ops {
          primitive {
            assignment {
              left {
                field_value {
                  header_name: "ipv4"
                  field_name: "$valid$"
                }
              }
              right {
                bool_value {
                }
              }
            }
          }
        }
        transitions {
          default_transition {
            next_state: "__END_OF_PARSER__"
          }
        }
        optimized_symbolic_execution_info {
          merge_point: "__END_OF_PARSER__"
        }
      }
    }
    parse_states {
      key: "start"
      value {
        name: "start"
        parser_ops {
          extract {
            header {
              header_name: "ethernet"
            }
          }
        }
        parser_ops {
          primitive {
            assignment {
              left {
                field_value {
                  header_name: "ethernet"
                  field_name: "$valid$"
                }
              }
              right {
                bool_value {
                  value: true
                }
              }
            }
          }
        }
        transition_key_fields {
          field {
            header_name: "ethernet"
            field_name: "ether_type"
          }
        }
        transitions {
          hex_string_transition {
            value {
              value: "0x0800"
            }
            mask {
            }
            next_state: "parse_ipv4"
          }
        }
        transitions {
          hex_string_transition {
            value {
              value: "0x86dd"
            }
            mask {
            }
            next_state: "parse_ipv6"
          }
        }
        transitions {
          default_transition {
            next_state: "__END_OF_PARSER__"
          }
        }
        optimized_symbolic_execution_info {
          merge_point: "__END_OF_PARSER__"
          continue_to_merge_point: true
        }
      }
    }
  }
}
errors {
  key: "HeaderTooShort"
  value {
    name: "HeaderTooShort"
    value: 4
  }
}
errors {
  key: "NoError"
  value {
    name: "NoError"
  }
}
errors {
  key: "NoMatch"
  value {
    name: "NoMatch"
    value: 2
  }
}
errors {
  key: "PacketTooShort"
  value {
    name: "PacketTooShort"
    value: 1
  }
}
errors {
  key: "ParserInvalidArgument"
  value {
    name: "ParserInvalidArgument"
    value: 6
  }
}
errors {
  key: "ParserTimeout"
  value {
    name: "ParserTimeout"
    value: 5
  }
}
errors {
  key: "StackOutOfBounds"
  value {
    name: "StackOutOfBounds"
    value: 3
  }
}

