headers {
  key: "scalars"
  value {
    name: "scalars_0"
  }
}
headers {
  key: "standard_metadata"
  value {
    name: "standard_metadata"
    id: 1
    fields {
      key: "_padding"
      value {
        name: "_padding"
        bitwidth: 3
      }
    }
    fields {
      key: "checksum_error"
      value {
        name: "checksum_error"
        bitwidth: 1
      }
    }
    fields {
      key: "deq_qdepth"
      value {
        name: "deq_qdepth"
        bitwidth: 19
      }
    }
    fields {
      key: "deq_timedelta"
      value {
        name: "deq_timedelta"
        bitwidth: 32
      }
    }
    fields {
      key: "egress_global_timestamp"
      value {
        name: "egress_global_timestamp"
        bitwidth: 48
      }
    }
    fields {
      key: "egress_port"
      value {
        name: "egress_port"
        bitwidth: 9
      }
    }
    fields {
      key: "egress_rid"
      value {
        name: "egress_rid"
        bitwidth: 16
      }
    }
    fields {
      key: "egress_spec"
      value {
        name: "egress_spec"
        bitwidth: 9
      }
    }
    fields {
      key: "enq_qdepth"
      value {
        name: "enq_qdepth"
        bitwidth: 19
      }
    }
    fields {
      key: "enq_timestamp"
      value {
        name: "enq_timestamp"
        bitwidth: 32
      }
    }
    fields {
      key: "ingress_global_timestamp"
      value {
        name: "ingress_global_timestamp"
        bitwidth: 48
      }
    }
    fields {
      key: "ingress_port"
      value {
        name: "ingress_port"
        bitwidth: 9
      }
    }
    fields {
      key: "instance_type"
      value {
        name: "instance_type"
        bitwidth: 32
      }
    }
    fields {
      key: "mcast_grp"
      value {
        name: "mcast_grp"
        bitwidth: 16
      }
    }
    fields {
      key: "packet_length"
      value {
        name: "packet_length"
        bitwidth: 32
      }
    }
    fields {
      key: "parser_error"
      value {
        name: "parser_error"
        bitwidth: 32
      }
    }
    fields {
      key: "priority"
      value {
        name: "priority"
        bitwidth: 3
      }
    }
    ordered_fields_list: "ingress_port"
    ordered_fields_list: "egress_spec"
    ordered_fields_list: "egress_port"
    ordered_fields_list: "instance_type"
    ordered_fields_list: "packet_length"
    ordered_fields_list: "enq_timestamp"
    ordered_fields_list: "enq_qdepth"
    ordered_fields_list: "deq_timedelta"
    ordered_fields_list: "deq_qdepth"
    ordered_fields_list: "ingress_global_timestamp"
    ordered_fields_list: "egress_global_timestamp"
    ordered_fields_list: "mcast_grp"
    ordered_fields_list: "egress_rid"
    ordered_fields_list: "checksum_error"
    ordered_fields_list: "parser_error"
    ordered_fields_list: "priority"
    ordered_fields_list: "_padding"
  }
}
actions {
  key: "MyIngress.set_egress_spec"
  value {
    action_definition {
      preamble {
        id: 21735938
        name: "MyIngress.set_egress_spec"
        alias: "set_egress_spec"
      }
      params_by_id {
        key: 1
        value {
          param {
            id: 1
            name: "port"
            bitwidth: 9
          }
        }
      }
      params_by_name {
        key: "port"
        value {
          param {
            id: 1
            name: "port"
            bitwidth: 9
          }
        }
      }
    }
    action_implementation {
      parameter_to_bitwidth {
        key: "port"
        value: 9
      }
      action_body {
        source_info {
          line: 56
          column: 8
          source_fragment: "standard_metadata.egress_spec = port"
        }
        assignment {
          left {
            field_value {
              header_name: "standard_metadata"
              field_name: "egress_spec"
            }
          }
          right {
            variable_value {
              name: "port"
            }
          }
        }
      }
    }
  }
}
actions {
  key: "NoAction"
  value {
    action_definition {
      preamble {
        id: 21257015
        name: "NoAction"
        alias: "NoAction"
        annotations: "@noWarn(\"unused\")"
      }
    }
    action_implementation {
    }
  }
}
tables {
  key: "MyIngress.ports_exact"
  value {
    table_definition {
      preamble {
        id: 42954855
        name: "MyIngress.ports_exact"
        alias: "ports_exact"
      }
      match_fields_by_id {
        key: 1
        value {
          match_field {
            id: 1
            name: "standard_metadata.ingress_port"
            bitwidth: 9
            match_type: EXACT
          }
        }
      }
      match_fields_by_name {
        key: "standard_metadata.ingress_port"
        value {
          match_field {
            id: 1
            name: "standard_metadata.ingress_port"
            bitwidth: 9
            match_type: EXACT
          }
        }
      }
      entry_actions {
        ref {
          id: 21735938
          annotations: "@proto_id(1)"
        }
        action {
          preamble {
            id: 21735938
            name: "MyIngress.set_egress_spec"
            alias: "set_egress_spec"
          }
          params_by_id {
            key: 1
            value {
              param {
                id: 1
                name: "port"
                bitwidth: 9
              }
            }
          }
          params_by_name {
            key: "port"
            value {
              param {
                id: 1
                name: "port"
                bitwidth: 9
              }
            }
          }
        }
        proto_id: 1
      }
      entry_actions {
        ref {
          id: 21257015
          annotations: "@proto_id(2)"
        }
        action {
          preamble {
            id: 21257015
            name: "NoAction"
            alias: "NoAction"
            annotations: "@noWarn(\"unused\")"
          }
        }
        proto_id: 2
      }
      size: 1024
    }
    table_implementation {
      default_action: "NoAction"
      action_to_next_control {
        key: "MyIngress.set_egress_spec"
        value: "__END_OF_PIPELINE__"
      }
      action_to_next_control {
        key: "NoAction"
        value: "__END_OF_PIPELINE__"
      }
      match_name_to_field {
        key: "standard_metadata.ingress_port"
        value {
          header_name: "standard_metadata"
          field_name: "ingress_port"
        }
      }
      optimized_symbolic_execution_info {
        merge_point: "__END_OF_PIPELINE__"
        continue_to_merge_point: true
      }
    }
  }
}
pipeline {
  key: "egress"
  value {
    name: "egress"
    initial_control: "__END_OF_PIPELINE__"
  }
}
pipeline {
  key: "ingress"
  value {
    name: "ingress"
    initial_control: "MyIngress.ports_exact"
  }
}
parsers {
  key: "parser"
  value {
    name: "parser"
    initial_state: "start"
    parse_states {
      key: "start"
      value {
        name: "start"
        transitions {
          default_transition {
            next_state: "__END_OF_PARSER__"
          }
        }
        optimized_symbolic_execution_info {
          merge_point: "__END_OF_PARSER__"
          continue_to_merge_point: true
        }
      }
    }
  }
}
errors {
  key: "HeaderTooShort"
  value {
    name: "HeaderTooShort"
    value: 4
  }
}
errors {
  key: "NoError"
  value {
    name: "NoError"
  }
}
errors {
  key: "NoMatch"
  value {
    name: "NoMatch"
    value: 2
  }
}
errors {
  key: "PacketTooShort"
  value {
    name: "PacketTooShort"
    value: 1
  }
}
errors {
  key: "ParserInvalidArgument"
  value {
    name: "ParserInvalidArgument"
    value: 6
  }
}
errors {
  key: "ParserTimeout"
  value {
    name: "ParserTimeout"
    value: 5
  }
}
errors {
  key: "StackOutOfBounds"
  value {
    name: "StackOutOfBounds"
    value: 3
  }
}
deparsers {
  key: "deparser"
  value {
    name: "deparser"
  }
}

=====MyIngress.ports_exact Entries=====

concrete_entry {
  pdpi_ir_entity {
    table_entry {
      table_name: "MyIngress.ports_exact"
      matches {
        name: "standard_metadata.ingress_port"
        exact {
          hex_str: "0x000"
        }
      }
      action {
        name: "MyIngress.set_egress_spec"
        params {
          name: "port"
          value {
            hex_str: "0x001"
          }
        }
      }
    }
  }
}

concrete_entry {
  pdpi_ir_entity {
    table_entry {
      table_name: "MyIngress.ports_exact"
      matches {
        name: "standard_metadata.ingress_port"
        exact {
          hex_str: "0x001"
        }
      }
      action {
        name: "MyIngress.set_egress_spec"
        params {
          name: "port"
          value {
            hex_str: "0x000"
          }
        }
      }
    }
  }
  index: 1
}

