Finding packet for table MyIngress.e1 and row -1
	Dropped = 0
	standard_metadata.ingress_port = #b000000000
	standard_metadata.egress_spec = #b000000000

Finding packet for table MyIngress.e2 and row -1
	Dropped = 0
	standard_metadata.ingress_port = #b000000000
	standard_metadata.egress_spec = #b000000000

Finding packet for table MyIngress.e3 and row -1
	Dropped = 0
	standard_metadata.ingress_port = #b000000000
	standard_metadata.egress_spec = #b000000000

Finding packet for table MyIngress.e4 and row -1
	Dropped = 0
	standard_metadata.ingress_port = #b000000000
	standard_metadata.egress_spec = #b000000000

Finding packet for table MyIngress.e5 and row -1
	Dropped = 0
	standard_metadata.ingress_port = #b000000000
	standard_metadata.egress_spec = #b000000000

Finding packet for table MyIngress.e6 and row -1
	Dropped = 0
	standard_metadata.ingress_port = #b000000000
	standard_metadata.egress_spec = #b000000000

Finding packet for table MyIngress.e7 and row -1
	Dropped = 0
	standard_metadata.ingress_port = #b000000000
	standard_metadata.egress_spec = #b000000000

Finding packet for table MyIngress.e8 and row -1
	Dropped = 0
	standard_metadata.ingress_port = #b000000000
	standard_metadata.egress_spec = #b000000000

Finding packet for table MyIngress.i1 and row -1
	Dropped = 0
	standard_metadata.ingress_port = #b000000000
	standard_metadata.egress_spec = #b000000000

Finding packet for table MyIngress.i2 and row -1
	Dropped = 0
	standard_metadata.ingress_port = #b000000000
	standard_metadata.egress_spec = #b000000000

Finding packet for table MyIngress.i3 and row -1
	Dropped = 0
	standard_metadata.ingress_port = #b000000000
	standard_metadata.egress_spec = #b000000000

Finding packet for table MyIngress.i4 and row -1
	Dropped = 0
	standard_metadata.ingress_port = #b000000000
	standard_metadata.egress_spec = #b000000000

Finding packet for table MyIngress.i5 and row -1
	Dropped = 0
	standard_metadata.ingress_port = #b000000000
	standard_metadata.egress_spec = #b000000000

Finding packet for table MyIngress.i6 and row -1
	Dropped = 0
	standard_metadata.ingress_port = #b000000000
	standard_metadata.egress_spec = #b000000000

Finding packet for table MyIngress.i7 and row -1
	Dropped = 0
	standard_metadata.ingress_port = #b000000000
	standard_metadata.egress_spec = #b000000000

Finding packet for table MyIngress.i8 and row -1
	Dropped = 0
	standard_metadata.ingress_port = #b000000000
	standard_metadata.egress_spec = #b000000000

Finding packet for table MyIngress.t and row -1
	Dropped = 0
	standard_metadata.ingress_port = #b000000000
	standard_metadata.egress_spec = #b000000000

Finding packet for table MyIngress.t and row 0
	Dropped = 0
	standard_metadata.ingress_port = #b000000000
	standard_metadata.egress_spec = #b000000000

