Finding packet for table tbl_hardcoded55 and row -1
	Dropped = 0
	standard_metadata.ingress_port = #b000000000
	standard_metadata.egress_spec = #b000000001

Finding packet for table tbl_hardcoded57 and row -1
	Dropped = 0
	standard_metadata.ingress_port = #b000000001
	standard_metadata.egress_spec = #b000000000

