================================================================================
Finding packet for table MyIngress.t1 and row -1
================================================================================
ingress_port = #b000000000
egress_port = #b000000000
trace:
dropped = 0
got cloned = 0
MyIngress.t1 => was matched on entry -1
MyIngress.t2 => was not matched!
MyIngress.t3 => was matched on entry -1
MyIngress.t4 => was matched on entry -1
tbl_table_hit_2l83 => was matched on entry -1

ingress_headers:
$got_cloned$ = false
$got_recirculated$ = false
h1.$extracted$ = false
h1.$valid$ = true
h1.f1 = #x00
h1.f2 = #x00
h1.f3 = #x00
h1.f4 = #x00
scalars.$extracted$ = false
scalars.$valid$ = false
standard_metadata.$extracted$ = false
standard_metadata.$valid$ = false
standard_metadata._padding = #b000
standard_metadata.checksum_error = #b0
standard_metadata.deq_qdepth = #b0000000000000000000
standard_metadata.deq_timedelta = #x00000000
standard_metadata.egress_global_timestamp = #x000000000000
standard_metadata.egress_port = #b000000000
standard_metadata.egress_rid = #x0000
standard_metadata.egress_spec = #b000000000
standard_metadata.enq_qdepth = #b0000000000000000000
standard_metadata.enq_timestamp = #x00000000
standard_metadata.ingress_global_timestamp = #x000000000000
standard_metadata.ingress_port = #b000000000
standard_metadata.instance_type = #x00000000
standard_metadata.mcast_grp = #x0000
standard_metadata.packet_length = #x00000000
standard_metadata.parser_error = #x00000000
standard_metadata.priority = #b000

parsed_headers:
$got_cloned$ = false
$got_recirculated$ = false
h1.$extracted$ = true
h1.$valid$ = true
h1.f1 = #x00
h1.f2 = #x00
h1.f3 = #x00
h1.f4 = #x00
scalars.$extracted$ = false
scalars.$valid$ = false
standard_metadata.$extracted$ = false
standard_metadata.$valid$ = false
standard_metadata._padding = #b000
standard_metadata.checksum_error = #b0
standard_metadata.deq_qdepth = #b0000000000000000000
standard_metadata.deq_timedelta = #x00000000
standard_metadata.egress_global_timestamp = #x000000000000
standard_metadata.egress_port = #b000000000
standard_metadata.egress_rid = #x0000
standard_metadata.egress_spec = #b000000000
standard_metadata.enq_qdepth = #b0000000000000000000
standard_metadata.enq_timestamp = #x00000000
standard_metadata.ingress_global_timestamp = #x000000000000
standard_metadata.ingress_port = #b000000000
standard_metadata.instance_type = #x00000000
standard_metadata.mcast_grp = #x0000
standard_metadata.packet_length = #x00000000
standard_metadata.parser_error = #x00000000
standard_metadata.priority = #b000

egress_headers:
$got_cloned$ = false
$got_recirculated$ = false
h1.$extracted$ = true
h1.$valid$ = true
h1.f1 = #x00
h1.f2 = #x00
h1.f3 = #x00
h1.f4 = #x00
scalars.$extracted$ = false
scalars.$valid$ = false
standard_metadata.$extracted$ = false
standard_metadata.$valid$ = false
standard_metadata._padding = #b000
standard_metadata.checksum_error = #b0
standard_metadata.deq_qdepth = #b0000000000000000000
standard_metadata.deq_timedelta = #x00000000
standard_metadata.egress_global_timestamp = #x000000000000
standard_metadata.egress_port = #b000000000
standard_metadata.egress_rid = #x0000
standard_metadata.egress_spec = #b000000000
standard_metadata.enq_qdepth = #b0000000000000000000
standard_metadata.enq_timestamp = #x00000000
standard_metadata.ingress_global_timestamp = #x000000000000
standard_metadata.ingress_port = #b000000000
standard_metadata.instance_type = #x00000000
standard_metadata.mcast_grp = #x0000
standard_metadata.packet_length = #x00000000
standard_metadata.parser_error = #x00000000
standard_metadata.priority = #b000
________________________________________________________________________________

================================================================================
Finding packet for table MyIngress.t1 and row 0
================================================================================
ingress_port = #b000000000
egress_port = #b000000001
trace:
dropped = 0
got cloned = 0
MyIngress.t1 => was matched on entry 0
MyIngress.t2 => was matched on entry -1
MyIngress.t3 => was not matched!
MyIngress.t4 => was matched on entry -1
tbl_table_hit_2l83 => was matched on entry -1

ingress_headers:
$got_cloned$ = false
$got_recirculated$ = false
h1.$extracted$ = false
h1.$valid$ = true
h1.f1 = #xff
h1.f2 = #x00
h1.f3 = #x00
h1.f4 = #x00
scalars.$extracted$ = false
scalars.$valid$ = false
standard_metadata.$extracted$ = false
standard_metadata.$valid$ = false
standard_metadata._padding = #b000
standard_metadata.checksum_error = #b0
standard_metadata.deq_qdepth = #b0000000000000000000
standard_metadata.deq_timedelta = #x00000000
standard_metadata.egress_global_timestamp = #x000000000000
standard_metadata.egress_port = #b000000000
standard_metadata.egress_rid = #x0000
standard_metadata.egress_spec = #b000000000
standard_metadata.enq_qdepth = #b0000000000000000000
standard_metadata.enq_timestamp = #x00000000
standard_metadata.ingress_global_timestamp = #x000000000000
standard_metadata.ingress_port = #b000000000
standard_metadata.instance_type = #x00000000
standard_metadata.mcast_grp = #x0000
standard_metadata.packet_length = #x00000000
standard_metadata.parser_error = #x00000000
standard_metadata.priority = #b000

parsed_headers:
$got_cloned$ = false
$got_recirculated$ = false
h1.$extracted$ = true
h1.$valid$ = true
h1.f1 = #xff
h1.f2 = #x00
h1.f3 = #x00
h1.f4 = #x00
scalars.$extracted$ = false
scalars.$valid$ = false
standard_metadata.$extracted$ = false
standard_metadata.$valid$ = false
standard_metadata._padding = #b000
standard_metadata.checksum_error = #b0
standard_metadata.deq_qdepth = #b0000000000000000000
standard_metadata.deq_timedelta = #x00000000
standard_metadata.egress_global_timestamp = #x000000000000
standard_metadata.egress_port = #b000000000
standard_metadata.egress_rid = #x0000
standard_metadata.egress_spec = #b000000000
standard_metadata.enq_qdepth = #b0000000000000000000
standard_metadata.enq_timestamp = #x00000000
standard_metadata.ingress_global_timestamp = #x000000000000
standard_metadata.ingress_port = #b000000000
standard_metadata.instance_type = #x00000000
standard_metadata.mcast_grp = #x0000
standard_metadata.packet_length = #x00000000
standard_metadata.parser_error = #x00000000
standard_metadata.priority = #b000

egress_headers:
$got_cloned$ = false
$got_recirculated$ = false
h1.$extracted$ = true
h1.$valid$ = true
h1.f1 = #xff
h1.f2 = #x00
h1.f3 = #x00
h1.f4 = #x00
scalars.$extracted$ = false
scalars.$valid$ = false
standard_metadata.$extracted$ = false
standard_metadata.$valid$ = false
standard_metadata._padding = #b000
standard_metadata.checksum_error = #b0
standard_metadata.deq_qdepth = #b0000000000000000000
standard_metadata.deq_timedelta = #x00000000
standard_metadata.egress_global_timestamp = #x000000000000
standard_metadata.egress_port = #b000000001
standard_metadata.egress_rid = #x0000
standard_metadata.egress_spec = #b000000001
standard_metadata.enq_qdepth = #b0000000000000000000
standard_metadata.enq_timestamp = #x00000000
standard_metadata.ingress_global_timestamp = #x000000000000
standard_metadata.ingress_port = #b000000000
standard_metadata.instance_type = #x00000000
standard_metadata.mcast_grp = #x0000
standard_metadata.packet_length = #x00000000
standard_metadata.parser_error = #x00000000
standard_metadata.priority = #b000
________________________________________________________________________________

================================================================================
Finding packet for table MyIngress.t2 and row -1
================================================================================
ingress_port = #b000000000
egress_port = #b000000001
trace:
dropped = 0
got cloned = 0
MyIngress.t1 => was matched on entry 0
MyIngress.t2 => was matched on entry -1
MyIngress.t3 => was not matched!
MyIngress.t4 => was matched on entry -1
tbl_table_hit_2l83 => was matched on entry -1

ingress_headers:
$got_cloned$ = false
$got_recirculated$ = false
h1.$extracted$ = false
h1.$valid$ = true
h1.f1 = #xff
h1.f2 = #x00
h1.f3 = #x00
h1.f4 = #x00
scalars.$extracted$ = false
scalars.$valid$ = false
standard_metadata.$extracted$ = false
standard_metadata.$valid$ = false
standard_metadata._padding = #b000
standard_metadata.checksum_error = #b0
standard_metadata.deq_qdepth = #b0000000000000000000
standard_metadata.deq_timedelta = #x00000000
standard_metadata.egress_global_timestamp = #x000000000000
standard_metadata.egress_port = #b000000000
standard_metadata.egress_rid = #x0000
standard_metadata.egress_spec = #b000000000
standard_metadata.enq_qdepth = #b0000000000000000000
standard_metadata.enq_timestamp = #x00000000
standard_metadata.ingress_global_timestamp = #x000000000000
standard_metadata.ingress_port = #b000000000
standard_metadata.instance_type = #x00000000
standard_metadata.mcast_grp = #x0000
standard_metadata.packet_length = #x00000000
standard_metadata.parser_error = #x00000000
standard_metadata.priority = #b000

parsed_headers:
$got_cloned$ = false
$got_recirculated$ = false
h1.$extracted$ = true
h1.$valid$ = true
h1.f1 = #xff
h1.f2 = #x00
h1.f3 = #x00
h1.f4 = #x00
scalars.$extracted$ = false
scalars.$valid$ = false
standard_metadata.$extracted$ = false
standard_metadata.$valid$ = false
standard_metadata._padding = #b000
standard_metadata.checksum_error = #b0
standard_metadata.deq_qdepth = #b0000000000000000000
standard_metadata.deq_timedelta = #x00000000
standard_metadata.egress_global_timestamp = #x000000000000
standard_metadata.egress_port = #b000000000
standard_metadata.egress_rid = #x0000
standard_metadata.egress_spec = #b000000000
standard_metadata.enq_qdepth = #b0000000000000000000
standard_metadata.enq_timestamp = #x00000000
standard_metadata.ingress_global_timestamp = #x000000000000
standard_metadata.ingress_port = #b000000000
standard_metadata.instance_type = #x00000000
standard_metadata.mcast_grp = #x0000
standard_metadata.packet_length = #x00000000
standard_metadata.parser_error = #x00000000
standard_metadata.priority = #b000

egress_headers:
$got_cloned$ = false
$got_recirculated$ = false
h1.$extracted$ = true
h1.$valid$ = true
h1.f1 = #xff
h1.f2 = #x00
h1.f3 = #x00
h1.f4 = #x00
scalars.$extracted$ = false
scalars.$valid$ = false
standard_metadata.$extracted$ = false
standard_metadata.$valid$ = false
standard_metadata._padding = #b000
standard_metadata.checksum_error = #b0
standard_metadata.deq_qdepth = #b0000000000000000000
standard_metadata.deq_timedelta = #x00000000
standard_metadata.egress_global_timestamp = #x000000000000
standard_metadata.egress_port = #b000000001
standard_metadata.egress_rid = #x0000
standard_metadata.egress_spec = #b000000001
standard_metadata.enq_qdepth = #b0000000000000000000
standard_metadata.enq_timestamp = #x00000000
standard_metadata.ingress_global_timestamp = #x000000000000
standard_metadata.ingress_port = #b000000000
standard_metadata.instance_type = #x00000000
standard_metadata.mcast_grp = #x0000
standard_metadata.packet_length = #x00000000
standard_metadata.parser_error = #x00000000
standard_metadata.priority = #b000
________________________________________________________________________________

================================================================================
Finding packet for table MyIngress.t2 and row 0
================================================================================
ingress_port = #b000000000
egress_port = #b000000010
trace:
dropped = 0
got cloned = 0
MyIngress.t1 => was matched on entry 0
MyIngress.t2 => was matched on entry 0
MyIngress.t3 => was not matched!
MyIngress.t4 => was matched on entry -1
tbl_table_hit_2l83 => was matched on entry -1

ingress_headers:
$got_cloned$ = false
$got_recirculated$ = false
h1.$extracted$ = false
h1.$valid$ = true
h1.f1 = #xff
h1.f2 = #xff
h1.f3 = #x00
h1.f4 = #x00
scalars.$extracted$ = false
scalars.$valid$ = false
standard_metadata.$extracted$ = false
standard_metadata.$valid$ = false
standard_metadata._padding = #b000
standard_metadata.checksum_error = #b0
standard_metadata.deq_qdepth = #b0000000000000000000
standard_metadata.deq_timedelta = #x00000000
standard_metadata.egress_global_timestamp = #x000000000000
standard_metadata.egress_port = #b000000000
standard_metadata.egress_rid = #x0000
standard_metadata.egress_spec = #b000000000
standard_metadata.enq_qdepth = #b0000000000000000000
standard_metadata.enq_timestamp = #x00000000
standard_metadata.ingress_global_timestamp = #x000000000000
standard_metadata.ingress_port = #b000000000
standard_metadata.instance_type = #x00000000
standard_metadata.mcast_grp = #x0000
standard_metadata.packet_length = #x00000000
standard_metadata.parser_error = #x00000000
standard_metadata.priority = #b000

parsed_headers:
$got_cloned$ = false
$got_recirculated$ = false
h1.$extracted$ = true
h1.$valid$ = true
h1.f1 = #xff
h1.f2 = #xff
h1.f3 = #x00
h1.f4 = #x00
scalars.$extracted$ = false
scalars.$valid$ = false
standard_metadata.$extracted$ = false
standard_metadata.$valid$ = false
standard_metadata._padding = #b000
standard_metadata.checksum_error = #b0
standard_metadata.deq_qdepth = #b0000000000000000000
standard_metadata.deq_timedelta = #x00000000
standard_metadata.egress_global_timestamp = #x000000000000
standard_metadata.egress_port = #b000000000
standard_metadata.egress_rid = #x0000
standard_metadata.egress_spec = #b000000000
standard_metadata.enq_qdepth = #b0000000000000000000
standard_metadata.enq_timestamp = #x00000000
standard_metadata.ingress_global_timestamp = #x000000000000
standard_metadata.ingress_port = #b000000000
standard_metadata.instance_type = #x00000000
standard_metadata.mcast_grp = #x0000
standard_metadata.packet_length = #x00000000
standard_metadata.parser_error = #x00000000
standard_metadata.priority = #b000

egress_headers:
$got_cloned$ = false
$got_recirculated$ = false
h1.$extracted$ = true
h1.$valid$ = true
h1.f1 = #xff
h1.f2 = #xff
h1.f3 = #x00
h1.f4 = #x00
scalars.$extracted$ = false
scalars.$valid$ = false
standard_metadata.$extracted$ = false
standard_metadata.$valid$ = false
standard_metadata._padding = #b000
standard_metadata.checksum_error = #b0
standard_metadata.deq_qdepth = #b0000000000000000000
standard_metadata.deq_timedelta = #x00000000
standard_metadata.egress_global_timestamp = #x000000000000
standard_metadata.egress_port = #b000000010
standard_metadata.egress_rid = #x0000
standard_metadata.egress_spec = #b000000010
standard_metadata.enq_qdepth = #b0000000000000000000
standard_metadata.enq_timestamp = #x00000000
standard_metadata.ingress_global_timestamp = #x000000000000
standard_metadata.ingress_port = #b000000000
standard_metadata.instance_type = #x00000000
standard_metadata.mcast_grp = #x0000
standard_metadata.packet_length = #x00000000
standard_metadata.parser_error = #x00000000
standard_metadata.priority = #b000
________________________________________________________________________________

================================================================================
Finding packet for table MyIngress.t3 and row -1
================================================================================
ingress_port = #b000000000
egress_port = #b000000000
trace:
dropped = 0
got cloned = 0
MyIngress.t1 => was matched on entry -1
MyIngress.t2 => was not matched!
MyIngress.t3 => was matched on entry -1
MyIngress.t4 => was matched on entry -1
tbl_table_hit_2l83 => was matched on entry -1

ingress_headers:
$got_cloned$ = false
$got_recirculated$ = false
h1.$extracted$ = false
h1.$valid$ = true
h1.f1 = #x7f
h1.f2 = #x00
h1.f3 = #x00
h1.f4 = #x00
scalars.$extracted$ = false
scalars.$valid$ = false
standard_metadata.$extracted$ = false
standard_metadata.$valid$ = false
standard_metadata._padding = #b000
standard_metadata.checksum_error = #b0
standard_metadata.deq_qdepth = #b0000000000000000000
standard_metadata.deq_timedelta = #x00000000
standard_metadata.egress_global_timestamp = #x000000000000
standard_metadata.egress_port = #b000000000
standard_metadata.egress_rid = #x0000
standard_metadata.egress_spec = #b000000000
standard_metadata.enq_qdepth = #b0000000000000000000
standard_metadata.enq_timestamp = #x00000000
standard_metadata.ingress_global_timestamp = #x000000000000
standard_metadata.ingress_port = #b000000000
standard_metadata.instance_type = #x00000000
standard_metadata.mcast_grp = #x0000
standard_metadata.packet_length = #x00000000
standard_metadata.parser_error = #x00000000
standard_metadata.priority = #b000

parsed_headers:
$got_cloned$ = false
$got_recirculated$ = false
h1.$extracted$ = true
h1.$valid$ = true
h1.f1 = #x7f
h1.f2 = #x00
h1.f3 = #x00
h1.f4 = #x00
scalars.$extracted$ = false
scalars.$valid$ = false
standard_metadata.$extracted$ = false
standard_metadata.$valid$ = false
standard_metadata._padding = #b000
standard_metadata.checksum_error = #b0
standard_metadata.deq_qdepth = #b0000000000000000000
standard_metadata.deq_timedelta = #x00000000
standard_metadata.egress_global_timestamp = #x000000000000
standard_metadata.egress_port = #b000000000
standard_metadata.egress_rid = #x0000
standard_metadata.egress_spec = #b000000000
standard_metadata.enq_qdepth = #b0000000000000000000
standard_metadata.enq_timestamp = #x00000000
standard_metadata.ingress_global_timestamp = #x000000000000
standard_metadata.ingress_port = #b000000000
standard_metadata.instance_type = #x00000000
standard_metadata.mcast_grp = #x0000
standard_metadata.packet_length = #x00000000
standard_metadata.parser_error = #x00000000
standard_metadata.priority = #b000

egress_headers:
$got_cloned$ = false
$got_recirculated$ = false
h1.$extracted$ = true
h1.$valid$ = true
h1.f1 = #x7f
h1.f2 = #x00
h1.f3 = #x00
h1.f4 = #x00
scalars.$extracted$ = false
scalars.$valid$ = false
standard_metadata.$extracted$ = false
standard_metadata.$valid$ = false
standard_metadata._padding = #b000
standard_metadata.checksum_error = #b0
standard_metadata.deq_qdepth = #b0000000000000000000
standard_metadata.deq_timedelta = #x00000000
standard_metadata.egress_global_timestamp = #x000000000000
standard_metadata.egress_port = #b000000000
standard_metadata.egress_rid = #x0000
standard_metadata.egress_spec = #b000000000
standard_metadata.enq_qdepth = #b0000000000000000000
standard_metadata.enq_timestamp = #x00000000
standard_metadata.ingress_global_timestamp = #x000000000000
standard_metadata.ingress_port = #b000000000
standard_metadata.instance_type = #x00000000
standard_metadata.mcast_grp = #x0000
standard_metadata.packet_length = #x00000000
standard_metadata.parser_error = #x00000000
standard_metadata.priority = #b000
________________________________________________________________________________

================================================================================
Finding packet for table MyIngress.t3 and row 0
================================================================================
ingress_port = #b000000000
egress_port = #b000000011
trace:
dropped = 0
got cloned = 0
MyIngress.t1 => was matched on entry -1
MyIngress.t2 => was not matched!
MyIngress.t3 => was matched on entry 0
MyIngress.t4 => was matched on entry -1
tbl_table_hit_2l83 => was matched on entry -1

ingress_headers:
$got_cloned$ = false
$got_recirculated$ = false
h1.$extracted$ = false
h1.$valid$ = true
h1.f1 = #x7f
h1.f2 = #x00
h1.f3 = #xff
h1.f4 = #x00
scalars.$extracted$ = false
scalars.$valid$ = false
standard_metadata.$extracted$ = false
standard_metadata.$valid$ = false
standard_metadata._padding = #b000
standard_metadata.checksum_error = #b0
standard_metadata.deq_qdepth = #b0000000000000000000
standard_metadata.deq_timedelta = #x00000000
standard_metadata.egress_global_timestamp = #x000000000000
standard_metadata.egress_port = #b000000000
standard_metadata.egress_rid = #x0000
standard_metadata.egress_spec = #b000000000
standard_metadata.enq_qdepth = #b0000000000000000000
standard_metadata.enq_timestamp = #x00000000
standard_metadata.ingress_global_timestamp = #x000000000000
standard_metadata.ingress_port = #b000000000
standard_metadata.instance_type = #x00000000
standard_metadata.mcast_grp = #x0000
standard_metadata.packet_length = #x00000000
standard_metadata.parser_error = #x00000000
standard_metadata.priority = #b000

parsed_headers:
$got_cloned$ = false
$got_recirculated$ = false
h1.$extracted$ = true
h1.$valid$ = true
h1.f1 = #x7f
h1.f2 = #x00
h1.f3 = #xff
h1.f4 = #x00
scalars.$extracted$ = false
scalars.$valid$ = false
standard_metadata.$extracted$ = false
standard_metadata.$valid$ = false
standard_metadata._padding = #b000
standard_metadata.checksum_error = #b0
standard_metadata.deq_qdepth = #b0000000000000000000
standard_metadata.deq_timedelta = #x00000000
standard_metadata.egress_global_timestamp = #x000000000000
standard_metadata.egress_port = #b000000000
standard_metadata.egress_rid = #x0000
standard_metadata.egress_spec = #b000000000
standard_metadata.enq_qdepth = #b0000000000000000000
standard_metadata.enq_timestamp = #x00000000
standard_metadata.ingress_global_timestamp = #x000000000000
standard_metadata.ingress_port = #b000000000
standard_metadata.instance_type = #x00000000
standard_metadata.mcast_grp = #x0000
standard_metadata.packet_length = #x00000000
standard_metadata.parser_error = #x00000000
standard_metadata.priority = #b000

egress_headers:
$got_cloned$ = false
$got_recirculated$ = false
h1.$extracted$ = true
h1.$valid$ = true
h1.f1 = #x7f
h1.f2 = #x00
h1.f3 = #xff
h1.f4 = #x00
scalars.$extracted$ = false
scalars.$valid$ = false
standard_metadata.$extracted$ = false
standard_metadata.$valid$ = false
standard_metadata._padding = #b000
standard_metadata.checksum_error = #b0
standard_metadata.deq_qdepth = #b0000000000000000000
standard_metadata.deq_timedelta = #x00000000
standard_metadata.egress_global_timestamp = #x000000000000
standard_metadata.egress_port = #b000000011
standard_metadata.egress_rid = #x0000
standard_metadata.egress_spec = #b000000011
standard_metadata.enq_qdepth = #b0000000000000000000
standard_metadata.enq_timestamp = #x00000000
standard_metadata.ingress_global_timestamp = #x000000000000
standard_metadata.ingress_port = #b000000000
standard_metadata.instance_type = #x00000000
standard_metadata.mcast_grp = #x0000
standard_metadata.packet_length = #x00000000
standard_metadata.parser_error = #x00000000
standard_metadata.priority = #b000
________________________________________________________________________________

================================================================================
Finding packet for table MyIngress.t4 and row -1
================================================================================
ingress_port = #b000000000
egress_port = #b000000011
trace:
dropped = 0
got cloned = 0
MyIngress.t1 => was matched on entry -1
MyIngress.t2 => was not matched!
MyIngress.t3 => was matched on entry 0
MyIngress.t4 => was matched on entry -1
tbl_table_hit_2l83 => was matched on entry -1

ingress_headers:
$got_cloned$ = false
$got_recirculated$ = false
h1.$extracted$ = false
h1.$valid$ = true
h1.f1 = #x7f
h1.f2 = #x00
h1.f3 = #xff
h1.f4 = #x00
scalars.$extracted$ = false
scalars.$valid$ = false
standard_metadata.$extracted$ = false
standard_metadata.$valid$ = false
standard_metadata._padding = #b000
standard_metadata.checksum_error = #b0
standard_metadata.deq_qdepth = #b0000000000000000000
standard_metadata.deq_timedelta = #x00000000
standard_metadata.egress_global_timestamp = #x000000000000
standard_metadata.egress_port = #b000000000
standard_metadata.egress_rid = #x0000
standard_metadata.egress_spec = #b000000000
standard_metadata.enq_qdepth = #b0000000000000000000
standard_metadata.enq_timestamp = #x00000000
standard_metadata.ingress_global_timestamp = #x000000000000
standard_metadata.ingress_port = #b000000000
standard_metadata.instance_type = #x00000000
standard_metadata.mcast_grp = #x0000
standard_metadata.packet_length = #x00000000
standard_metadata.parser_error = #x00000000
standard_metadata.priority = #b000

parsed_headers:
$got_cloned$ = false
$got_recirculated$ = false
h1.$extracted$ = true
h1.$valid$ = true
h1.f1 = #x7f
h1.f2 = #x00
h1.f3 = #xff
h1.f4 = #x00
scalars.$extracted$ = false
scalars.$valid$ = false
standard_metadata.$extracted$ = false
standard_metadata.$valid$ = false
standard_metadata._padding = #b000
standard_metadata.checksum_error = #b0
standard_metadata.deq_qdepth = #b0000000000000000000
standard_metadata.deq_timedelta = #x00000000
standard_metadata.egress_global_timestamp = #x000000000000
standard_metadata.egress_port = #b000000000
standard_metadata.egress_rid = #x0000
standard_metadata.egress_spec = #b000000000
standard_metadata.enq_qdepth = #b0000000000000000000
standard_metadata.enq_timestamp = #x00000000
standard_metadata.ingress_global_timestamp = #x000000000000
standard_metadata.ingress_port = #b000000000
standard_metadata.instance_type = #x00000000
standard_metadata.mcast_grp = #x0000
standard_metadata.packet_length = #x00000000
standard_metadata.parser_error = #x00000000
standard_metadata.priority = #b000

egress_headers:
$got_cloned$ = false
$got_recirculated$ = false
h1.$extracted$ = true
h1.$valid$ = true
h1.f1 = #x7f
h1.f2 = #x00
h1.f3 = #xff
h1.f4 = #x00
scalars.$extracted$ = false
scalars.$valid$ = false
standard_metadata.$extracted$ = false
standard_metadata.$valid$ = false
standard_metadata._padding = #b000
standard_metadata.checksum_error = #b0
standard_metadata.deq_qdepth = #b0000000000000000000
standard_metadata.deq_timedelta = #x00000000
standard_metadata.egress_global_timestamp = #x000000000000
standard_metadata.egress_port = #b000000011
standard_metadata.egress_rid = #x0000
standard_metadata.egress_spec = #b000000011
standard_metadata.enq_qdepth = #b0000000000000000000
standard_metadata.enq_timestamp = #x00000000
standard_metadata.ingress_global_timestamp = #x000000000000
standard_metadata.ingress_port = #b000000000
standard_metadata.instance_type = #x00000000
standard_metadata.mcast_grp = #x0000
standard_metadata.packet_length = #x00000000
standard_metadata.parser_error = #x00000000
standard_metadata.priority = #b000
________________________________________________________________________________

================================================================================
Finding packet for table tbl_table_hit_2l83 and row -1
================================================================================
ingress_port = #b000000000
egress_port = #b000000011
trace:
dropped = 0
got cloned = 0
MyIngress.t1 => was matched on entry -1
MyIngress.t2 => was not matched!
MyIngress.t3 => was matched on entry 0
MyIngress.t4 => was matched on entry -1
tbl_table_hit_2l83 => was matched on entry -1

ingress_headers:
$got_cloned$ = false
$got_recirculated$ = false
h1.$extracted$ = false
h1.$valid$ = true
h1.f1 = #x7f
h1.f2 = #x00
h1.f3 = #xff
h1.f4 = #x00
scalars.$extracted$ = false
scalars.$valid$ = false
standard_metadata.$extracted$ = false
standard_metadata.$valid$ = false
standard_metadata._padding = #b000
standard_metadata.checksum_error = #b0
standard_metadata.deq_qdepth = #b0000000000000000000
standard_metadata.deq_timedelta = #x00000000
standard_metadata.egress_global_timestamp = #x000000000000
standard_metadata.egress_port = #b000000000
standard_metadata.egress_rid = #x0000
standard_metadata.egress_spec = #b000000000
standard_metadata.enq_qdepth = #b0000000000000000000
standard_metadata.enq_timestamp = #x00000000
standard_metadata.ingress_global_timestamp = #x000000000000
standard_metadata.ingress_port = #b000000000
standard_metadata.instance_type = #x00000000
standard_metadata.mcast_grp = #x0000
standard_metadata.packet_length = #x00000000
standard_metadata.parser_error = #x00000000
standard_metadata.priority = #b000

parsed_headers:
$got_cloned$ = false
$got_recirculated$ = false
h1.$extracted$ = true
h1.$valid$ = true
h1.f1 = #x7f
h1.f2 = #x00
h1.f3 = #xff
h1.f4 = #x00
scalars.$extracted$ = false
scalars.$valid$ = false
standard_metadata.$extracted$ = false
standard_metadata.$valid$ = false
standard_metadata._padding = #b000
standard_metadata.checksum_error = #b0
standard_metadata.deq_qdepth = #b0000000000000000000
standard_metadata.deq_timedelta = #x00000000
standard_metadata.egress_global_timestamp = #x000000000000
standard_metadata.egress_port = #b000000000
standard_metadata.egress_rid = #x0000
standard_metadata.egress_spec = #b000000000
standard_metadata.enq_qdepth = #b0000000000000000000
standard_metadata.enq_timestamp = #x00000000
standard_metadata.ingress_global_timestamp = #x000000000000
standard_metadata.ingress_port = #b000000000
standard_metadata.instance_type = #x00000000
standard_metadata.mcast_grp = #x0000
standard_metadata.packet_length = #x00000000
standard_metadata.parser_error = #x00000000
standard_metadata.priority = #b000

egress_headers:
$got_cloned$ = false
$got_recirculated$ = false
h1.$extracted$ = true
h1.$valid$ = true
h1.f1 = #x7f
h1.f2 = #x00
h1.f3 = #xff
h1.f4 = #x00
scalars.$extracted$ = false
scalars.$valid$ = false
standard_metadata.$extracted$ = false
standard_metadata.$valid$ = false
standard_metadata._padding = #b000
standard_metadata.checksum_error = #b0
standard_metadata.deq_qdepth = #b0000000000000000000
standard_metadata.deq_timedelta = #x00000000
standard_metadata.egress_global_timestamp = #x000000000000
standard_metadata.egress_port = #b000000011
standard_metadata.egress_rid = #x0000
standard_metadata.egress_spec = #b000000011
standard_metadata.enq_qdepth = #b0000000000000000000
standard_metadata.enq_timestamp = #x00000000
standard_metadata.ingress_global_timestamp = #x000000000000
standard_metadata.ingress_port = #b000000000
standard_metadata.instance_type = #x00000000
standard_metadata.mcast_grp = #x0000
standard_metadata.packet_length = #x00000000
standard_metadata.parser_error = #x00000000
standard_metadata.priority = #b000
________________________________________________________________________________

