header_types {
  name: "scalars_0"
}
header_types {
  name: "standard_metadata"
  id: 1
  fields {
    values {
      string_value: "ingress_port"
    }
    values {
      number_value: 9
    }
    values {
      bool_value: false
    }
  }
  fields {
    values {
      string_value: "egress_spec"
    }
    values {
      number_value: 9
    }
    values {
      bool_value: false
    }
  }
  fields {
    values {
      string_value: "egress_port"
    }
    values {
      number_value: 9
    }
    values {
      bool_value: false
    }
  }
  fields {
    values {
      string_value: "instance_type"
    }
    values {
      number_value: 32
    }
    values {
      bool_value: false
    }
  }
  fields {
    values {
      string_value: "packet_length"
    }
    values {
      number_value: 32
    }
    values {
      bool_value: false
    }
  }
  fields {
    values {
      string_value: "enq_timestamp"
    }
    values {
      number_value: 32
    }
    values {
      bool_value: false
    }
  }
  fields {
    values {
      string_value: "enq_qdepth"
    }
    values {
      number_value: 19
    }
    values {
      bool_value: false
    }
  }
  fields {
    values {
      string_value: "deq_timedelta"
    }
    values {
      number_value: 32
    }
    values {
      bool_value: false
    }
  }
  fields {
    values {
      string_value: "deq_qdepth"
    }
    values {
      number_value: 19
    }
    values {
      bool_value: false
    }
  }
  fields {
    values {
      string_value: "ingress_global_timestamp"
    }
    values {
      number_value: 48
    }
    values {
      bool_value: false
    }
  }
  fields {
    values {
      string_value: "egress_global_timestamp"
    }
    values {
      number_value: 48
    }
    values {
      bool_value: false
    }
  }
  fields {
    values {
      string_value: "mcast_grp"
    }
    values {
      number_value: 16
    }
    values {
      bool_value: false
    }
  }
  fields {
    values {
      string_value: "egress_rid"
    }
    values {
      number_value: 16
    }
    values {
      bool_value: false
    }
  }
  fields {
    values {
      string_value: "checksum_error"
    }
    values {
      number_value: 1
    }
    values {
      bool_value: false
    }
  }
  fields {
    values {
      string_value: "parser_error"
    }
    values {
      number_value: 32
    }
    values {
      bool_value: false
    }
  }
  fields {
    values {
      string_value: "priority"
    }
    values {
      number_value: 3
    }
    values {
      bool_value: false
    }
  }
  fields {
    values {
      string_value: "_padding"
    }
    values {
      number_value: 3
    }
    values {
      bool_value: false
    }
  }
}
header_types {
  name: "header_t"
  id: 2
  fields {
    values {
      string_value: "f1"
    }
    values {
      number_value: 8
    }
    values {
      bool_value: false
    }
  }
  fields {
    values {
      string_value: "f2"
    }
    values {
      number_value: 8
    }
    values {
      bool_value: false
    }
  }
  fields {
    values {
      string_value: "f3"
    }
    values {
      number_value: 8
    }
    values {
      bool_value: false
    }
  }
  fields {
    values {
      string_value: "f4"
    }
    values {
      number_value: 8
    }
    values {
      bool_value: false
    }
  }
}
headers {
  name: "scalars"
  header_type: "scalars_0"
  metadata: true
}
headers {
  id: 1
  name: "standard_metadata"
  header_type: "standard_metadata"
  metadata: true
}
headers {
  id: 2
  name: "h1"
  header_type: "header_t"
}
parsers {
  name: "parser"
  init_state: "start"
  parse_states {
    name: "start"
    transitions {
    }
  }
}
deparsers {
  name: "deparser"
  source_info {
    line: 100
    column: 8
    source_fragment: "MyDeparser"
  }
}
actions {
  name: "MyIngress.forward"
  runtime_data {
    name: "port"
    bitwidth: 9
  }
  primitives {
    fields {
      key: "op"
      value {
        string_value: "assign"
      }
    }
    fields {
      key: "parameters"
      value {
        list_value {
          values {
            struct_value {
              fields {
                key: "type"
                value {
                  string_value: "field"
                }
              }
              fields {
                key: "value"
                value {
                  list_value {
                    values {
                      string_value: "standard_metadata"
                    }
                    values {
                      string_value: "egress_spec"
                    }
                  }
                }
              }
            }
          }
          values {
            struct_value {
              fields {
                key: "type"
                value {
                  string_value: "runtime_data"
                }
              }
              fields {
                key: "value"
                value {
                  number_value: 0
                }
              }
            }
          }
        }
      }
    }
    fields {
      key: "source_info"
      value {
        struct_value {
          fields {
            key: "column"
            value {
              number_value: 7
            }
          }
          fields {
            key: "filename"
            value {
              string_value: ""
            }
          }
          fields {
            key: "line"
            value {
              number_value: 56
            }
          }
          fields {
            key: "source_fragment"
            value {
              string_value: "standard_metadata.egress_spec = port"
            }
          }
        }
      }
    }
  }
}
actions {
  name: "MyIngress.forward"
  id: 1
  runtime_data {
    name: "port"
    bitwidth: 9
  }
  primitives {
    fields {
      key: "op"
      value {
        string_value: "assign"
      }
    }
    fields {
      key: "parameters"
      value {
        list_value {
          values {
            struct_value {
              fields {
                key: "type"
                value {
                  string_value: "field"
                }
              }
              fields {
                key: "value"
                value {
                  list_value {
                    values {
                      string_value: "standard_metadata"
                    }
                    values {
                      string_value: "egress_spec"
                    }
                  }
                }
              }
            }
          }
          values {
            struct_value {
              fields {
                key: "type"
                value {
                  string_value: "runtime_data"
                }
              }
              fields {
                key: "value"
                value {
                  number_value: 0
                }
              }
            }
          }
        }
      }
    }
    fields {
      key: "source_info"
      value {
        struct_value {
          fields {
            key: "column"
            value {
              number_value: 7
            }
          }
          fields {
            key: "filename"
            value {
              string_value: ""
            }
          }
          fields {
            key: "line"
            value {
              number_value: 56
            }
          }
          fields {
            key: "source_fragment"
            value {
              string_value: "standard_metadata.egress_spec = port"
            }
          }
        }
      }
    }
  }
}
actions {
  name: "MyIngress.forward"
  id: 2
  runtime_data {
    name: "port"
    bitwidth: 9
  }
  primitives {
    fields {
      key: "op"
      value {
        string_value: "assign"
      }
    }
    fields {
      key: "parameters"
      value {
        list_value {
          values {
            struct_value {
              fields {
                key: "type"
                value {
                  string_value: "field"
                }
              }
              fields {
                key: "value"
                value {
                  list_value {
                    values {
                      string_value: "standard_metadata"
                    }
                    values {
                      string_value: "egress_spec"
                    }
                  }
                }
              }
            }
          }
          values {
            struct_value {
              fields {
                key: "type"
                value {
                  string_value: "runtime_data"
                }
              }
              fields {
                key: "value"
                value {
                  number_value: 0
                }
              }
            }
          }
        }
      }
    }
    fields {
      key: "source_info"
      value {
        struct_value {
          fields {
            key: "column"
            value {
              number_value: 7
            }
          }
          fields {
            key: "filename"
            value {
              string_value: ""
            }
          }
          fields {
            key: "line"
            value {
              number_value: 56
            }
          }
          fields {
            key: "source_fragment"
            value {
              string_value: "standard_metadata.egress_spec = port"
            }
          }
        }
      }
    }
  }
}
actions {
  name: "MyIngress.forward"
  id: 3
  runtime_data {
    name: "port"
    bitwidth: 9
  }
  primitives {
    fields {
      key: "op"
      value {
        string_value: "assign"
      }
    }
    fields {
      key: "parameters"
      value {
        list_value {
          values {
            struct_value {
              fields {
                key: "type"
                value {
                  string_value: "field"
                }
              }
              fields {
                key: "value"
                value {
                  list_value {
                    values {
                      string_value: "standard_metadata"
                    }
                    values {
                      string_value: "egress_spec"
                    }
                  }
                }
              }
            }
          }
          values {
            struct_value {
              fields {
                key: "type"
                value {
                  string_value: "runtime_data"
                }
              }
              fields {
                key: "value"
                value {
                  number_value: 0
                }
              }
            }
          }
        }
      }
    }
    fields {
      key: "source_info"
      value {
        struct_value {
          fields {
            key: "column"
            value {
              number_value: 7
            }
          }
          fields {
            key: "filename"
            value {
              string_value: ""
            }
          }
          fields {
            key: "line"
            value {
              number_value: 56
            }
          }
          fields {
            key: "source_fragment"
            value {
              string_value: "standard_metadata.egress_spec = port"
            }
          }
        }
      }
    }
  }
}
actions {
  name: "MyIngress.nothing"
  id: 4
}
actions {
  name: "MyIngress.nothing"
  id: 5
}
actions {
  name: "MyIngress.nothing"
  id: 6
}
actions {
  name: "MyIngress.nothing"
  id: 7
}
actions {
  name: "table_hit_2l83"
  id: 8
  primitives {
    fields {
      key: "op"
      value {
        string_value: "assign"
      }
    }
    fields {
      key: "parameters"
      value {
        list_value {
          values {
            struct_value {
              fields {
                key: "type"
                value {
                  string_value: "field"
                }
              }
              fields {
                key: "value"
                value {
                  list_value {
                    values {
                      string_value: "standard_metadata"
                    }
                    values {
                      string_value: "egress_spec"
                    }
                  }
                }
              }
            }
          }
          values {
            struct_value {
              fields {
                key: "type"
                value {
                  string_value: "hexstr"
                }
              }
              fields {
                key: "value"
                value {
                  string_value: "0x0000"
                }
              }
            }
          }
        }
      }
    }
    fields {
      key: "source_info"
      value {
        struct_value {
          fields {
            key: "column"
            value {
              number_value: 8
            }
          }
          fields {
            key: "filename"
            value {
              string_value: ""
            }
          }
          fields {
            key: "line"
            value {
              number_value: 83
            }
          }
          fields {
            key: "source_fragment"
            value {
              string_value: "standard_metadata.egress_spec = 0"
            }
          }
        }
      }
    }
  }
}
pipelines {
  name: "ingress"
  source_info {
    line: 52
    column: 8
    source_fragment: "MyIngress"
  }
  init_table: "tbl_table_hit_2l83"
  tables {
    name: "tbl_table_hit_2l83"
    source_info {
      line: 83
      column: 38
      source_fragment: "="
    }
    max_size: 1024
    action_ids: 8
    actions: "table_hit_2l83"
    default_entry {
      action_id: 8
    }
    next_tables {
      key: "table_hit_2l83"
      value: "MyIngress.t1"
    }
  }
  tables {
    name: "MyIngress.t1"
    id: 1
    source_info {
      line: 60
      column: 10
      source_fragment: "t1"
    }
    key {
      name: "hdr.h1.f1"
      target: "h1"
      target: "f1"
    }
    max_size: 1024
    action_ids: 0
    action_ids: 4
    actions: "MyIngress.forward"
    actions: "MyIngress.nothing"
    default_entry {
      action_id: 4
    }
    next_tables {
      key: "__HIT__"
      value: "MyIngress.t2"
    }
    next_tables {
      key: "__MISS__"
      value: "MyIngress.t3"
    }
  }
  tables {
    name: "MyIngress.t2"
    id: 2
    source_info {
      line: 65
      column: 10
      source_fragment: "t2"
    }
    key {
      name: "hdr.h1.f2"
      target: "h1"
      target: "f2"
    }
    max_size: 1024
    action_ids: 1
    action_ids: 5
    actions: "MyIngress.forward"
    actions: "MyIngress.nothing"
    default_entry {
      action_id: 5
    }
    next_tables {
      key: "MyIngress.forward"
      value: "MyIngress.t4"
    }
    next_tables {
      key: "MyIngress.nothing"
      value: "MyIngress.t4"
    }
  }
  tables {
    name: "MyIngress.t3"
    id: 3
    source_info {
      line: 70
      column: 10
      source_fragment: "t3"
    }
    key {
      name: "hdr.h1.f3"
      target: "h1"
      target: "f3"
    }
    max_size: 1024
    action_ids: 2
    action_ids: 6
    actions: "MyIngress.forward"
    actions: "MyIngress.nothing"
    default_entry {
      action_id: 6
    }
    next_tables {
      key: "MyIngress.forward"
      value: "MyIngress.t4"
    }
    next_tables {
      key: "MyIngress.nothing"
      value: "MyIngress.t4"
    }
  }
  tables {
    name: "MyIngress.t4"
    id: 4
    source_info {
      line: 75
      column: 10
      source_fragment: "t4"
    }
    key {
      name: "hdr.h1.f4"
      target: "h1"
      target: "f4"
    }
    max_size: 1024
    action_ids: 3
    action_ids: 7
    actions: "MyIngress.forward"
    actions: "MyIngress.nothing"
    default_entry {
      action_id: 7
    }
    next_tables {
      key: "MyIngress.forward"
      value: ""
    }
    next_tables {
      key: "MyIngress.nothing"
      value: ""
    }
  }
}
pipelines {
  name: "egress"
  id: 1
  source_info {
    line: 92
    column: 8
    source_fragment: "MyEgress"
  }
}
