header_types {
  name: "scalars_0"
}
header_types {
  name: "standard_metadata"
  id: 1
  fields {
    values {
      string_value: "ingress_port"
    }
    values {
      number_value: 9
    }
    values {
      bool_value: false
    }
  }
  fields {
    values {
      string_value: "egress_spec"
    }
    values {
      number_value: 9
    }
    values {
      bool_value: false
    }
  }
  fields {
    values {
      string_value: "egress_port"
    }
    values {
      number_value: 9
    }
    values {
      bool_value: false
    }
  }
  fields {
    values {
      string_value: "instance_type"
    }
    values {
      number_value: 32
    }
    values {
      bool_value: false
    }
  }
  fields {
    values {
      string_value: "packet_length"
    }
    values {
      number_value: 32
    }
    values {
      bool_value: false
    }
  }
  fields {
    values {
      string_value: "enq_timestamp"
    }
    values {
      number_value: 32
    }
    values {
      bool_value: false
    }
  }
  fields {
    values {
      string_value: "enq_qdepth"
    }
    values {
      number_value: 19
    }
    values {
      bool_value: false
    }
  }
  fields {
    values {
      string_value: "deq_timedelta"
    }
    values {
      number_value: 32
    }
    values {
      bool_value: false
    }
  }
  fields {
    values {
      string_value: "deq_qdepth"
    }
    values {
      number_value: 19
    }
    values {
      bool_value: false
    }
  }
  fields {
    values {
      string_value: "ingress_global_timestamp"
    }
    values {
      number_value: 48
    }
    values {
      bool_value: false
    }
  }
  fields {
    values {
      string_value: "egress_global_timestamp"
    }
    values {
      number_value: 48
    }
    values {
      bool_value: false
    }
  }
  fields {
    values {
      string_value: "mcast_grp"
    }
    values {
      number_value: 16
    }
    values {
      bool_value: false
    }
  }
  fields {
    values {
      string_value: "egress_rid"
    }
    values {
      number_value: 16
    }
    values {
      bool_value: false
    }
  }
  fields {
    values {
      string_value: "checksum_error"
    }
    values {
      number_value: 1
    }
    values {
      bool_value: false
    }
  }
  fields {
    values {
      string_value: "parser_error"
    }
    values {
      number_value: 32
    }
    values {
      bool_value: false
    }
  }
  fields {
    values {
      string_value: "priority"
    }
    values {
      number_value: 3
    }
    values {
      bool_value: false
    }
  }
  fields {
    values {
      string_value: "_padding"
    }
    values {
      number_value: 3
    }
    values {
      bool_value: false
    }
  }
}
header_types {
  name: "ethernet_t"
  id: 2
  fields {
    values {
      string_value: "dst_addr"
    }
    values {
      number_value: 48
    }
    values {
      bool_value: false
    }
  }
  fields {
    values {
      string_value: "src_addr"
    }
    values {
      number_value: 48
    }
    values {
      bool_value: false
    }
  }
  fields {
    values {
      string_value: "ether_type"
    }
    values {
      number_value: 16
    }
    values {
      bool_value: false
    }
  }
}
headers {
  name: "scalars"
  header_type: "scalars_0"
  metadata: true
}
headers {
  id: 1
  name: "standard_metadata"
  header_type: "standard_metadata"
  metadata: true
}
headers {
  id: 2
  name: "ethernet"
  header_type: "ethernet_t"
}
parsers {
  name: "parser"
  init_state: "start"
  parse_states {
    name: "start"
    transitions {
    }
  }
}
deparsers {
  name: "deparser"
  source_info {
    line: 105
    column: 8
    source_fragment: "MyDeparser"
  }
}
actions {
  name: "MyIngress.drop"
  primitives {
    fields {
      key: "op"
      value {
        string_value: "mark_to_drop"
      }
    }
    fields {
      key: "parameters"
      value {
        list_value {
          values {
            struct_value {
              fields {
                key: "type"
                value {
                  string_value: "header"
                }
              }
              fields {
                key: "value"
                value {
                  string_value: "standard_metadata"
                }
              }
            }
          }
        }
      }
    }
    fields {
      key: "source_info"
      value {
        struct_value {
          fields {
            key: "column"
            value {
              number_value: 8
            }
          }
          fields {
            key: "filename"
            value {
              string_value: ""
            }
          }
          fields {
            key: "line"
            value {
              number_value: 56
            }
          }
          fields {
            key: "source_fragment"
            value {
              string_value: "mark_to_drop(standard_metadata)"
            }
          }
        }
      }
    }
  }
}
actions {
  name: "MyIngress.drop"
  id: 1
  primitives {
    fields {
      key: "op"
      value {
        string_value: "mark_to_drop"
      }
    }
    fields {
      key: "parameters"
      value {
        list_value {
          values {
            struct_value {
              fields {
                key: "type"
                value {
                  string_value: "header"
                }
              }
              fields {
                key: "value"
                value {
                  string_value: "standard_metadata"
                }
              }
            }
          }
        }
      }
    }
    fields {
      key: "source_info"
      value {
        struct_value {
          fields {
            key: "column"
            value {
              number_value: 8
            }
          }
          fields {
            key: "filename"
            value {
              string_value: ""
            }
          }
          fields {
            key: "line"
            value {
              number_value: 56
            }
          }
          fields {
            key: "source_fragment"
            value {
              string_value: "mark_to_drop(standard_metadata)"
            }
          }
        }
      }
    }
  }
}
actions {
  name: "MyIngress.forward"
  id: 2
  runtime_data {
    name: "dst_addr"
    bitwidth: 48
  }
  runtime_data {
    name: "port"
    bitwidth: 9
  }
  primitives {
    fields {
      key: "op"
      value {
        string_value: "assign"
      }
    }
    fields {
      key: "parameters"
      value {
        list_value {
          values {
            struct_value {
              fields {
                key: "type"
                value {
                  string_value: "field"
                }
              }
              fields {
                key: "value"
                value {
                  list_value {
                    values {
                      string_value: "standard_metadata"
                    }
                    values {
                      string_value: "egress_spec"
                    }
                  }
                }
              }
            }
          }
          values {
            struct_value {
              fields {
                key: "type"
                value {
                  string_value: "runtime_data"
                }
              }
              fields {
                key: "value"
                value {
                  number_value: 1
                }
              }
            }
          }
        }
      }
    }
    fields {
      key: "source_info"
      value {
        struct_value {
          fields {
            key: "column"
            value {
              number_value: 8
            }
          }
          fields {
            key: "filename"
            value {
              string_value: ""
            }
          }
          fields {
            key: "line"
            value {
              number_value: 60
            }
          }
          fields {
            key: "source_fragment"
            value {
              string_value: "standard_metadata.egress_spec = port"
            }
          }
        }
      }
    }
  }
  primitives {
    fields {
      key: "op"
      value {
        string_value: "assign"
      }
    }
    fields {
      key: "parameters"
      value {
        list_value {
          values {
            struct_value {
              fields {
                key: "type"
                value {
                  string_value: "field"
                }
              }
              fields {
                key: "value"
                value {
                  list_value {
                    values {
                      string_value: "ethernet"
                    }
                    values {
                      string_value: "dst_addr"
                    }
                  }
                }
              }
            }
          }
          values {
            struct_value {
              fields {
                key: "type"
                value {
                  string_value: "runtime_data"
                }
              }
              fields {
                key: "value"
                value {
                  number_value: 0
                }
              }
            }
          }
        }
      }
    }
    fields {
      key: "source_info"
      value {
        struct_value {
          fields {
            key: "column"
            value {
              number_value: 8
            }
          }
          fields {
            key: "filename"
            value {
              string_value: ""
            }
          }
          fields {
            key: "line"
            value {
              number_value: 61
            }
          }
          fields {
            key: "source_fragment"
            value {
              string_value: "hdr.ethernet.dst_addr = dst_addr"
            }
          }
        }
      }
    }
  }
}
actions {
  name: "MyIngress.forward"
  id: 3
  runtime_data {
    name: "dst_addr"
    bitwidth: 48
  }
  runtime_data {
    name: "port"
    bitwidth: 9
  }
  primitives {
    fields {
      key: "op"
      value {
        string_value: "assign"
      }
    }
    fields {
      key: "parameters"
      value {
        list_value {
          values {
            struct_value {
              fields {
                key: "type"
                value {
                  string_value: "field"
                }
              }
              fields {
                key: "value"
                value {
                  list_value {
                    values {
                      string_value: "standard_metadata"
                    }
                    values {
                      string_value: "egress_spec"
                    }
                  }
                }
              }
            }
          }
          values {
            struct_value {
              fields {
                key: "type"
                value {
                  string_value: "runtime_data"
                }
              }
              fields {
                key: "value"
                value {
                  number_value: 1
                }
              }
            }
          }
        }
      }
    }
    fields {
      key: "source_info"
      value {
        struct_value {
          fields {
            key: "column"
            value {
              number_value: 8
            }
          }
          fields {
            key: "filename"
            value {
              string_value: ""
            }
          }
          fields {
            key: "line"
            value {
              number_value: 60
            }
          }
          fields {
            key: "source_fragment"
            value {
              string_value: "standard_metadata.egress_spec = port"
            }
          }
        }
      }
    }
  }
  primitives {
    fields {
      key: "op"
      value {
        string_value: "assign"
      }
    }
    fields {
      key: "parameters"
      value {
        list_value {
          values {
            struct_value {
              fields {
                key: "type"
                value {
                  string_value: "field"
                }
              }
              fields {
                key: "value"
                value {
                  list_value {
                    values {
                      string_value: "ethernet"
                    }
                    values {
                      string_value: "dst_addr"
                    }
                  }
                }
              }
            }
          }
          values {
            struct_value {
              fields {
                key: "type"
                value {
                  string_value: "runtime_data"
                }
              }
              fields {
                key: "value"
                value {
                  number_value: 0
                }
              }
            }
          }
        }
      }
    }
    fields {
      key: "source_info"
      value {
        struct_value {
          fields {
            key: "column"
            value {
              number_value: 8
            }
          }
          fields {
            key: "filename"
            value {
              string_value: ""
            }
          }
          fields {
            key: "line"
            value {
              number_value: 61
            }
          }
          fields {
            key: "source_fragment"
            value {
              string_value: "hdr.ethernet.dst_addr = dst_addr"
            }
          }
        }
      }
    }
  }
}
actions {
  name: "MyIngress.nothing"
  id: 4
}
pipelines {
  name: "ingress"
  source_info {
    line: 52
    column: 8
    source_fragment: "MyIngress"
  }
  init_table: "MyIngress.t_1"
  tables {
    name: "MyIngress.t_1"
    source_info {
      line: 66
      column: 10
      source_fragment: "t_1"
    }
    key {
      name: "hdr.ethernet.ether_type"
      target: "ethernet"
      target: "ether_type"
    }
    max_size: 1024
    action_ids: 0
    action_ids: 2
    actions: "MyIngress.drop"
    actions: "MyIngress.forward"
    default_entry {
    }
    next_tables {
      key: "__HIT__"
      value: "MyIngress.t_2"
    }
    next_tables {
      key: "__MISS__"
      value: ""
    }
  }
  tables {
    name: "MyIngress.t_2"
    id: 1
    source_info {
      line: 77
      column: 10
      source_fragment: "t_2"
    }
    key {
      name: "hdr.ethernet.src_addr"
      target: "ethernet"
      target: "src_addr"
    }
    max_size: 1024
    action_ids: 1
    action_ids: 3
    action_ids: 4
    actions: "MyIngress.drop"
    actions: "MyIngress.forward"
    actions: "MyIngress.nothing"
    default_entry {
      action_id: 4
    }
    next_tables {
      key: "MyIngress.drop"
      value: ""
    }
    next_tables {
      key: "MyIngress.forward"
      value: ""
    }
    next_tables {
      key: "MyIngress.nothing"
      value: ""
    }
  }
}
pipelines {
  name: "egress"
  id: 1
  source_info {
    line: 97
    column: 8
    source_fragment: "MyEgress"
  }
}
